

================================================================
== Vitis HLS Report for 'krnl_vadd_desc_Pipeline_data_transfer_loop'
================================================================
* Date:           Tue Feb 17 16:20:25 2026

* Version:        2023.2 (Build 4023990 on Oct 11 2023)
* Project:        krnl_vadd_desc
* Solution:       solution (Vitis Kernel Flow Target)
* Product family: virtexuplusHBM
* Target device:  xcu280-fsvh2892-2L-e


================================================================
== Performance Estimates
================================================================
+ Timing: 
    * Summary: 
    +--------+---------+----------+------------+
    |  Clock |  Target | Estimated| Uncertainty|
    +--------+---------+----------+------------+
    |ap_clk  |  3.33 ns|  2.433 ns|     0.90 ns|
    +--------+---------+----------+------------+

+ Latency: 
    * Summary: 
    +---------+---------+-----------+----------+-----+-------+---------+
    |  Latency (cycles) |  Latency (absolute)  |   Interval  | Pipeline|
    |   min   |   max   |    min    |    max   | min |  max  |   Type  |
    +---------+---------+-----------+----------+-----+-------+---------+
    |       19|    65539|  63.327 ns|  0.218 ms|   19|  65539|       no|
    +---------+---------+-----------+----------+-----+-------+---------+

    + Detail: 
        * Instance: 
        N/A

        * Loop: 
        +----------------------+---------+---------+----------+-----------+-----------+------------+----------+
        |                      |  Latency (cycles) | Iteration|  Initiation Interval  |    Trip    |          |
        |       Loop Name      |   min   |   max   |  Latency |  achieved |   target  |    Count   | Pipelined|
        +----------------------+---------+---------+----------+-----------+-----------+------------+----------+
        |- data_transfer_loop  |       17|    65537|         3|          1|          1|  16 ~ 65536|       yes|
        +----------------------+---------+---------+----------+-----------+-----------+------------+----------+



================================================================
== Utilization Estimates
================================================================
* Summary: 
+---------------------+---------+------+---------+---------+-----+
|         Name        | BRAM_18K|  DSP |    FF   |   LUT   | URAM|
+---------------------+---------+------+---------+---------+-----+
|DSP                  |        -|     -|        -|        -|    -|
|Expression           |        -|     -|        0|       72|    -|
|FIFO                 |        -|     -|        -|        -|    -|
|Instance             |        -|     -|        -|        -|    -|
|Memory               |        -|     -|        -|        -|    -|
|Multiplexer          |        -|     -|        -|       54|    -|
|Register             |        -|     -|      543|        -|    -|
+---------------------+---------+------+---------+---------+-----+
|Total                |        0|     0|      543|      126|    0|
+---------------------+---------+------+---------+---------+-----+
|Available SLR        |     1344|  3008|   869120|   434560|  320|
+---------------------+---------+------+---------+---------+-----+
|Utilization SLR (%)  |        0|     0|       ~0|       ~0|    0|
+---------------------+---------+------+---------+---------+-----+
|Available            |     4032|  9024|  2607360|  1303680|  960|
+---------------------+---------+------+---------+---------+-----+
|Utilization (%)      |        0|     0|       ~0|       ~0|    0|
+---------------------+---------+------+---------+---------+-----+

+ Detail: 
    * Instance: 
    N/A

    * DSP: 
    N/A

    * Memory: 
    N/A

    * FIFO: 
    N/A

    * Expression: 
    +---------------------------+----------+----+---+----+------------+------------+
    |       Variable Name       | Operation| DSP| FF| LUT| Bitwidth P0| Bitwidth P1|
    +---------------------------+----------+----+---+----+------------+------------+
    |add_ln114_fu_119_p2        |         +|   0|  0|  33|          26|           1|
    |ap_block_pp0_stage0_01001  |       and|   0|  0|   2|           1|           1|
    |icmp_ln114_fu_113_p2       |      icmp|   0|  0|  33|          26|          26|
    |ap_block_pp0_stage0_11001  |        or|   0|  0|   2|           1|           1|
    |ap_enable_pp0              |       xor|   0|  0|   2|           1|           2|
    +---------------------------+----------+----+---+----+------------+------------+
    |Total                      |          |   0|  0|  72|          55|          31|
    +---------------------------+----------+----+---+----+------------+------------+

    * Multiplexer: 
    +-------------------------+----+-----------+-----+-----------+
    |           Name          | LUT| Input Size| Bits| Total Bits|
    +-------------------------+----+-----------+-----+-----------+
    |ap_done_int              |   9|          2|    1|          2|
    |ap_enable_reg_pp0_iter1  |   9|          2|    1|          2|
    |ap_sig_allocacmp_i_1     |   9|          2|   26|         52|
    |gmem0_blk_n_R            |   9|          2|    1|          2|
    |gmem2_blk_n_W            |   9|          2|    1|          2|
    |i_fu_62                  |   9|          2|   26|         52|
    +-------------------------+----+-----------+-----+-----------+
    |Total                    |  54|         12|   56|        112|
    +-------------------------+----+-----------+-----+-----------+

    * Register: 
    +----------------------------------+-----+----+-----+-----------+
    |               Name               |  FF | LUT| Bits| Const Bits|
    +----------------------------------+-----+----+-----+-----------+
    |ap_CS_fsm                         |    1|   0|    1|          0|
    |ap_done_reg                       |    1|   0|    1|          0|
    |ap_enable_reg_pp0_iter1           |    1|   0|    1|          0|
    |ap_enable_reg_pp0_iter2           |    1|   0|    1|          0|
    |ap_loop_exit_ready_pp0_iter1_reg  |    1|   0|    1|          0|
    |gmem0_addr_read_reg_163           |  512|   0|  512|          0|
    |i_fu_62                           |   26|   0|   26|          0|
    +----------------------------------+-----+----+-----+-----------+
    |Total                             |  543|   0|  543|          0|
    +----------------------------------+-----+----+-----+-----------+



================================================================
== Interface
================================================================
* Summary: 
+----------------------+-----+-----+------------+--------------------------------------------+--------------+
|       RTL Ports      | Dir | Bits|  Protocol  |                Source Object               |    C Type    |
+----------------------+-----+-----+------------+--------------------------------------------+--------------+
|ap_clk                |   in|    1|  ap_ctrl_hs|  krnl_vadd_desc_Pipeline_data_transfer_loop|  return value|
|ap_rst                |   in|    1|  ap_ctrl_hs|  krnl_vadd_desc_Pipeline_data_transfer_loop|  return value|
|ap_start              |   in|    1|  ap_ctrl_hs|  krnl_vadd_desc_Pipeline_data_transfer_loop|  return value|
|ap_done               |  out|    1|  ap_ctrl_hs|  krnl_vadd_desc_Pipeline_data_transfer_loop|  return value|
|ap_idle               |  out|    1|  ap_ctrl_hs|  krnl_vadd_desc_Pipeline_data_transfer_loop|  return value|
|ap_ready              |  out|    1|  ap_ctrl_hs|  krnl_vadd_desc_Pipeline_data_transfer_loop|  return value|
|m_axi_gmem0_AWVALID   |  out|    1|       m_axi|                                       gmem0|       pointer|
|m_axi_gmem0_AWREADY   |   in|    1|       m_axi|                                       gmem0|       pointer|
|m_axi_gmem0_AWADDR    |  out|   64|       m_axi|                                       gmem0|       pointer|
|m_axi_gmem0_AWID      |  out|    1|       m_axi|                                       gmem0|       pointer|
|m_axi_gmem0_AWLEN     |  out|   32|       m_axi|                                       gmem0|       pointer|
|m_axi_gmem0_AWSIZE    |  out|    3|       m_axi|                                       gmem0|       pointer|
|m_axi_gmem0_AWBURST   |  out|    2|       m_axi|                                       gmem0|       pointer|
|m_axi_gmem0_AWLOCK    |  out|    2|       m_axi|                                       gmem0|       pointer|
|m_axi_gmem0_AWCACHE   |  out|    4|       m_axi|                                       gmem0|       pointer|
|m_axi_gmem0_AWPROT    |  out|    3|       m_axi|                                       gmem0|       pointer|
|m_axi_gmem0_AWQOS     |  out|    4|       m_axi|                                       gmem0|       pointer|
|m_axi_gmem0_AWREGION  |  out|    4|       m_axi|                                       gmem0|       pointer|
|m_axi_gmem0_AWUSER    |  out|    1|       m_axi|                                       gmem0|       pointer|
|m_axi_gmem0_WVALID    |  out|    1|       m_axi|                                       gmem0|       pointer|
|m_axi_gmem0_WREADY    |   in|    1|       m_axi|                                       gmem0|       pointer|
|m_axi_gmem0_WDATA     |  out|  512|       m_axi|                                       gmem0|       pointer|
|m_axi_gmem0_WSTRB     |  out|   64|       m_axi|                                       gmem0|       pointer|
|m_axi_gmem0_WLAST     |  out|    1|       m_axi|                                       gmem0|       pointer|
|m_axi_gmem0_WID       |  out|    1|       m_axi|                                       gmem0|       pointer|
|m_axi_gmem0_WUSER     |  out|    1|       m_axi|                                       gmem0|       pointer|
|m_axi_gmem0_ARVALID   |  out|    1|       m_axi|                                       gmem0|       pointer|
|m_axi_gmem0_ARREADY   |   in|    1|       m_axi|                                       gmem0|       pointer|
|m_axi_gmem0_ARADDR    |  out|   64|       m_axi|                                       gmem0|       pointer|
|m_axi_gmem0_ARID      |  out|    1|       m_axi|                                       gmem0|       pointer|
|m_axi_gmem0_ARLEN     |  out|   32|       m_axi|                                       gmem0|       pointer|
|m_axi_gmem0_ARSIZE    |  out|    3|       m_axi|                                       gmem0|       pointer|
|m_axi_gmem0_ARBURST   |  out|    2|       m_axi|                                       gmem0|       pointer|
|m_axi_gmem0_ARLOCK    |  out|    2|       m_axi|                                       gmem0|       pointer|
|m_axi_gmem0_ARCACHE   |  out|    4|       m_axi|                                       gmem0|       pointer|
|m_axi_gmem0_ARPROT    |  out|    3|       m_axi|                                       gmem0|       pointer|
|m_axi_gmem0_ARQOS     |  out|    4|       m_axi|                                       gmem0|       pointer|
|m_axi_gmem0_ARREGION  |  out|    4|       m_axi|                                       gmem0|       pointer|
|m_axi_gmem0_ARUSER    |  out|    1|       m_axi|                                       gmem0|       pointer|
|m_axi_gmem0_RVALID    |   in|    1|       m_axi|                                       gmem0|       pointer|
|m_axi_gmem0_RREADY    |  out|    1|       m_axi|                                       gmem0|       pointer|
|m_axi_gmem0_RDATA     |   in|  512|       m_axi|                                       gmem0|       pointer|
|m_axi_gmem0_RLAST     |   in|    1|       m_axi|                                       gmem0|       pointer|
|m_axi_gmem0_RID       |   in|    1|       m_axi|                                       gmem0|       pointer|
|m_axi_gmem0_RFIFONUM  |   in|    9|       m_axi|                                       gmem0|       pointer|
|m_axi_gmem0_RUSER     |   in|    1|       m_axi|                                       gmem0|       pointer|
|m_axi_gmem0_RRESP     |   in|    2|       m_axi|                                       gmem0|       pointer|
|m_axi_gmem0_BVALID    |   in|    1|       m_axi|                                       gmem0|       pointer|
|m_axi_gmem0_BREADY    |  out|    1|       m_axi|                                       gmem0|       pointer|
|m_axi_gmem0_BRESP     |   in|    2|       m_axi|                                       gmem0|       pointer|
|m_axi_gmem0_BID       |   in|    1|       m_axi|                                       gmem0|       pointer|
|m_axi_gmem0_BUSER     |   in|    1|       m_axi|                                       gmem0|       pointer|
|m_axi_gmem2_AWVALID   |  out|    1|       m_axi|                                       gmem2|       pointer|
|m_axi_gmem2_AWREADY   |   in|    1|       m_axi|                                       gmem2|       pointer|
|m_axi_gmem2_AWADDR    |  out|   64|       m_axi|                                       gmem2|       pointer|
|m_axi_gmem2_AWID      |  out|    1|       m_axi|                                       gmem2|       pointer|
|m_axi_gmem2_AWLEN     |  out|   32|       m_axi|                                       gmem2|       pointer|
|m_axi_gmem2_AWSIZE    |  out|    3|       m_axi|                                       gmem2|       pointer|
|m_axi_gmem2_AWBURST   |  out|    2|       m_axi|                                       gmem2|       pointer|
|m_axi_gmem2_AWLOCK    |  out|    2|       m_axi|                                       gmem2|       pointer|
|m_axi_gmem2_AWCACHE   |  out|    4|       m_axi|                                       gmem2|       pointer|
|m_axi_gmem2_AWPROT    |  out|    3|       m_axi|                                       gmem2|       pointer|
|m_axi_gmem2_AWQOS     |  out|    4|       m_axi|                                       gmem2|       pointer|
|m_axi_gmem2_AWREGION  |  out|    4|       m_axi|                                       gmem2|       pointer|
|m_axi_gmem2_AWUSER    |  out|    1|       m_axi|                                       gmem2|       pointer|
|m_axi_gmem2_WVALID    |  out|    1|       m_axi|                                       gmem2|       pointer|
|m_axi_gmem2_WREADY    |   in|    1|       m_axi|                                       gmem2|       pointer|
|m_axi_gmem2_WDATA     |  out|  512|       m_axi|                                       gmem2|       pointer|
|m_axi_gmem2_WSTRB     |  out|   64|       m_axi|                                       gmem2|       pointer|
|m_axi_gmem2_WLAST     |  out|    1|       m_axi|                                       gmem2|       pointer|
|m_axi_gmem2_WID       |  out|    1|       m_axi|                                       gmem2|       pointer|
|m_axi_gmem2_WUSER     |  out|    1|       m_axi|                                       gmem2|       pointer|
|m_axi_gmem2_ARVALID   |  out|    1|       m_axi|                                       gmem2|       pointer|
|m_axi_gmem2_ARREADY   |   in|    1|       m_axi|                                       gmem2|       pointer|
|m_axi_gmem2_ARADDR    |  out|   64|       m_axi|                                       gmem2|       pointer|
|m_axi_gmem2_ARID      |  out|    1|       m_axi|                                       gmem2|       pointer|
|m_axi_gmem2_ARLEN     |  out|   32|       m_axi|                                       gmem2|       pointer|
|m_axi_gmem2_ARSIZE    |  out|    3|       m_axi|                                       gmem2|       pointer|
|m_axi_gmem2_ARBURST   |  out|    2|       m_axi|                                       gmem2|       pointer|
|m_axi_gmem2_ARLOCK    |  out|    2|       m_axi|                                       gmem2|       pointer|
|m_axi_gmem2_ARCACHE   |  out|    4|       m_axi|                                       gmem2|       pointer|
|m_axi_gmem2_ARPROT    |  out|    3|       m_axi|                                       gmem2|       pointer|
|m_axi_gmem2_ARQOS     |  out|    4|       m_axi|                                       gmem2|       pointer|
|m_axi_gmem2_ARREGION  |  out|    4|       m_axi|                                       gmem2|       pointer|
|m_axi_gmem2_ARUSER    |  out|    1|       m_axi|                                       gmem2|       pointer|
|m_axi_gmem2_RVALID    |   in|    1|       m_axi|                                       gmem2|       pointer|
|m_axi_gmem2_RREADY    |  out|    1|       m_axi|                                       gmem2|       pointer|
|m_axi_gmem2_RDATA     |   in|  512|       m_axi|                                       gmem2|       pointer|
|m_axi_gmem2_RLAST     |   in|    1|       m_axi|                                       gmem2|       pointer|
|m_axi_gmem2_RID       |   in|    1|       m_axi|                                       gmem2|       pointer|
|m_axi_gmem2_RFIFONUM  |   in|    9|       m_axi|                                       gmem2|       pointer|
|m_axi_gmem2_RUSER     |   in|    1|       m_axi|                                       gmem2|       pointer|
|m_axi_gmem2_RRESP     |   in|    2|       m_axi|                                       gmem2|       pointer|
|m_axi_gmem2_BVALID    |   in|    1|       m_axi|                                       gmem2|       pointer|
|m_axi_gmem2_BREADY    |  out|    1|       m_axi|                                       gmem2|       pointer|
|m_axi_gmem2_BRESP     |   in|    2|       m_axi|                                       gmem2|       pointer|
|m_axi_gmem2_BID       |   in|    1|       m_axi|                                       gmem2|       pointer|
|m_axi_gmem2_BUSER     |   in|    1|       m_axi|                                       gmem2|       pointer|
|num_words             |   in|   26|     ap_none|                                   num_words|        scalar|
|sext_ln114            |   in|   58|     ap_none|                                  sext_ln114|        scalar|
|sext_ln114_1          |   in|   58|     ap_none|                                sext_ln114_1|        scalar|
+----------------------+-----+-----+------------+--------------------------------------------+--------------+

